C:\Users\fatih\source\repos\Siftly\Siftly.IntegrationTest\bin\Debug\net8.0\Siftly.IntegrationTest.dll (.NETCoreApp,Version=v8.0) i├ğin test ├ğal─▒┼şt─▒rmas─▒
VSTest s├╝r├╝m├╝ 18.0.1 (x64)

Test y├╝r├╝tmesi ba┼şlat─▒l─▒yor, l├╝tfen bekleyin...
Toplam 1 test dosyas─▒ belirtilen desenle e┼şle┼şti.
C:\Users\fatih\source\repos\Siftly\Siftly.IntegrationTest\bin\Debug\net8.0\Siftly.IntegrationTest.dll
C:\Users\fatih\source\repos\Siftly\Siftly.IntegrationTest\bin\Debug\net10.0\Siftly.IntegrationTest.dll (.NETCoreApp,Version=v10.0) i├ğin test ├ğal─▒┼şt─▒rmas─▒
VSTest s├╝r├╝m├╝ 18.0.1 (x64)

Test y├╝r├╝tmesi ba┼şlat─▒l─▒yor, l├╝tfen bekleyin...
Toplam 1 test dosyas─▒ belirtilen desenle e┼şle┼şti.
C:\Users\fatih\source\repos\Siftly\Siftly.IntegrationTest\bin\Debug\net10.0\Siftly.IntegrationTest.dll
[xUnit.net 00:00:00.00] xUnit.net VSTest Adapter v3.0.0+e341b939fe (64-bit .NET 8.0.22)
[xUnit.net 00:00:00.05]   Discovering: Siftly.IntegrationTest
[xUnit.net 00:00:00.07]   Discovered:  Siftly.IntegrationTest
[xUnit.net 00:00:00.08]   Starting:    Siftly.IntegrationTest
[testcontainers.org 00:00:00.07] Connected to Docker:
  Host: npipe://./pipe/docker_engine
  Server Version: 29.1.3
  Kernel Version: 6.6.87.2-microsoft-standard-WSL2
  API Version: 1.52
  Operating System: Docker Desktop
  Total Memory: 15.23 GB
  Labels: 
    com.docker.desktop.address=npipe://\\.\pipe\docker_cli
[xUnit.net 00:00:00.00] xUnit.net VSTest Adapter v3.0.0+e341b939fe (64-bit .NET 10.0.1)
[xUnit.net 00:00:00.05]   Discovering: Siftly.IntegrationTest
[xUnit.net 00:00:00.07]   Discovered:  Siftly.IntegrationTest
[xUnit.net 00:00:00.09]   Starting:    Siftly.IntegrationTest
[testcontainers.org 00:00:00.27] Docker container c428983439cd created
[testcontainers.org 00:00:00.30] Start Docker container c428983439cd
[testcontainers.org 00:00:00.08] Connected to Docker:
  Host: npipe://./pipe/docker_engine
  Server Version: 29.1.3
  Kernel Version: 6.6.87.2-microsoft-standard-WSL2
  API Version: 1.52
  Operating System: Docker Desktop
  Total Memory: 15.23 GB
  Labels: 
    com.docker.desktop.address=npipe://\\.\pipe\docker_cli
[testcontainers.org 00:00:00.54] Wait for Docker container c428983439cd to complete readiness checks
[testcontainers.org 00:00:00.54] Docker container c428983439cd ready
[testcontainers.org 00:00:00.29] Docker container 6f1bd1eccff5 created
[testcontainers.org 00:00:00.32] Start Docker container 6f1bd1eccff5
[testcontainers.org 00:00:00.72] Docker container 59cd82544ae5 created
[testcontainers.org 00:00:00.73] Start Docker container 59cd82544ae5
[testcontainers.org 00:00:00.58] Wait for Docker container 6f1bd1eccff5 to complete readiness checks
[testcontainers.org 00:00:00.58] Docker container 6f1bd1eccff5 ready
[testcontainers.org 00:00:00.98] Wait for Docker container 59cd82544ae5 to complete readiness checks
[testcontainers.org 00:00:00.99] Execute "pg_isready --host localhost --dbname efcore_querying_test --username test" at Docker container 59cd82544ae5
[testcontainers.org 00:00:00.76] Docker container 42f07175a1d9 created
[testcontainers.org 00:00:00.77] Start Docker container 42f07175a1d9
     Warning:
     The component "Fluent Assertions" is governed by the rules defined in the Xceed License Agreement and
     the Xceed Fluent Assertions Community License. You may use Fluent Assertions free of charge for
     non-commercial use only. An active subscription is required to use Fluent Assertions for commercial use.
     Please contact Xceed Sales mailto:sales@xceed.com to acquire a subscription at a very low cost.
     A paid commercial license supports the development and continued increasing support of
     Fluent Assertions users under both commercial and community licenses. Help us
     keep Fluent Assertions at the forefront of unit testing.
     For more information, visit https://xceed.com/products/unit-testing/fluent-assertions/
[testcontainers.org 00:00:01.01] Wait for Docker container 42f07175a1d9 to complete readiness checks
[testcontainers.org 00:00:01.02] Execute "pg_isready --host localhost --dbname efcore_querying_test --username test" at Docker container 42f07175a1d9
  Ba┼şar─▒l─▒ Siftly.IntegrationTest.Tests.SqlServerFilterTransformableBuilderTests.ApplyQueryFilter_StatusIntDirectly_WorksWithoutTransform [193 ms]
  Ba┼şar─▒l─▒ Siftly.IntegrationTest.Tests.SqlServerFilterTransformableBuilderTests.ApplyQueryFilter_CaseInsensitiveStatusString_WorksCorrectly [9 ms]
  Ba┼şar─▒l─▒ Siftly.IntegrationTest.Tests.SqlServerFilterTransformableBuilderTests.ApplyQueryFilter_DateTimeStringFilter_ConvertsToLongAndFiltersCorrectly [14 ms]
  Ba┼şar─▒l─▒ Siftly.IntegrationTest.Tests.SqlServerFilterTransformableBuilderTests.ApplyQueryFilter_LongValueDirectly_WorksWithoutTransform [8 ms]
  Ba┼şar─▒l─▒ Siftly.IntegrationTest.Tests.SqlServerFilterTransformableBuilderTests.ApplyQueryFilter_DateAndStatus_BothTransformsWork [13 ms]
  Ba┼şar─▒l─▒ Siftly.IntegrationTest.Tests.SqlServerFilterTransformableBuilderTests.ApplyQueryFilter_TransformedAndNonTransformedFilters_BothWork [21 ms]
  Ba┼şar─▒l─▒ Siftly.IntegrationTest.Tests.SqlServerFilterTransformableBuilderTests.ApplyQueryFilter_StatusOrLogic_ReturnsMultipleStatuses [13 ms]
[xUnit.net 00:00:01.49]     Siftly.IntegrationTest.Tests.SqlServerFilterTransformableBuilderTests.ApplyQueryFilter_InvalidStatusString_UsesOriginalValue [FAIL]
[xUnit.net 00:00:01.49]       Expected result.ListData to be empty, but found at least one item
[xUnit.net 00:00:01.49]       {
[xUnit.net 00:00:01.49]           Siftly.IntegrationTest.Entities.Booking
[xUnit.net 00:00:01.49]           {
[xUnit.net 00:00:01.49]               BookingDateTimestamp = 1712739600000L,
[xUnit.net 00:00:01.49]               CustomerName = "Alice Johnson",
[xUnit.net 00:00:01.49]               Id = 1,
[xUnit.net 00:00:01.49]               IsConfirmed = True,
[xUnit.net 00:00:01.49]               Notes = "VIP customer, prefer window seat",
[xUnit.net 00:00:01.49]               Status = BookingStatus.Confirmed {value: 1},
[xUnit.net 00:00:01.49]               TotalAmount = 250.00M
[xUnit.net 00:00:01.49]           }
[xUnit.net 00:00:01.49]       }.
[xUnit.net 00:00:01.49]       Stack Trace:
[xUnit.net 00:00:01.49]            at FluentAssertions.Execution.LateBoundTestFramework.Throw(String message)
[xUnit.net 00:00:01.49]            at FluentAssertions.Execution.DefaultAssertionStrategy.HandleFailure(String message)
[xUnit.net 00:00:01.49]            at FluentAssertions.Execution.AssertionScope.AddPreFormattedFailure(String formattedFailureMessage)
[xUnit.net 00:00:01.49]            at FluentAssertions.Execution.AssertionChain.FailWith(Func`1 getFailureReason)
[xUnit.net 00:00:01.49]            at FluentAssertions.Execution.AssertionChain.FailWith(Func`1 getFailureReason)
[xUnit.net 00:00:01.49]            at FluentAssertions.Execution.AssertionChain.FailWith(String message, Object[] args)
[xUnit.net 00:00:01.49]            at FluentAssertions.Execution.GivenSelector`1.FailWith(String message, Object[] args)
[xUnit.net 00:00:01.49]            at FluentAssertions.Collections.GenericCollectionAssertions`3.<>c__DisplayClass10_0.<BeEmpty>b__0(AssertionChain chain)
[xUnit.net 00:00:01.49]            at FluentAssertions.Execution.AssertionChain.WithExpectation(String message, Action`1 chain, Object[] args)
[xUnit.net 00:00:01.49]            at FluentAssertions.Execution.AssertionChain.WithExpectation(String message, Action`1 chain)
[xUnit.net 00:00:01.49]            at FluentAssertions.Collections.GenericCollectionAssertions`3.BeEmpty(String because, Object[] becauseArgs)
[xUnit.net 00:00:01.49]         C:\Users\fatih\source\repos\Siftly\Siftly.IntegrationTest\Tests\FilterTransformableBuilderTests.cs(296,0): at Siftly.IntegrationTest.Tests.FilterTransformableBuilderTestsBase`1.ApplyQueryFilter_InvalidStatusString_UsesOriginalValue()
[xUnit.net 00:00:01.49]         C:\Users\fatih\source\repos\Siftly\Siftly.IntegrationTest\Tests\FilterTransformableBuilderTests.cs(296,0): at Siftly.IntegrationTest.Tests.FilterTransformableBuilderTestsBase`1.ApplyQueryFilter_InvalidStatusString_UsesOriginalValue()
[xUnit.net 00:00:01.49]         --- End of stack trace from previous location ---
[xUnit.net 00:00:01.52]     Siftly.IntegrationTest.Tests.SqlServerFilterTransformableBuilderTests.ApplyQueryFilter_InvalidDateString_UsesOriginalValue [FAIL]
[xUnit.net 00:00:01.52]       Expected result.ListData to be empty, but found at least one item
[xUnit.net 00:00:01.52]       {
[xUnit.net 00:00:01.52]           Siftly.IntegrationTest.Entities.Booking
[xUnit.net 00:00:01.52]           {
[xUnit.net 00:00:01.52]               BookingDateTimestamp = 1712739600000L,
[xUnit.net 00:00:01.52]               CustomerName = "Alice Johnson",
[xUnit.net 00:00:01.52]               Id = 1,
[xUnit.net 00:00:01.52]               IsConfirmed = True,
[xUnit.net 00:00:01.52]               Notes = "VIP customer, prefer window seat",
[xUnit.net 00:00:01.52]               Status = BookingStatus.Confirmed {value: 1},
[xUnit.net 00:00:01.52]               TotalAmount = 250.00M
[xUnit.net 00:00:01.52]           }
[xUnit.net 00:00:01.52]       }.
[xUnit.net 00:00:01.53]       Stack Trace:
[xUnit.net 00:00:01.53]            at FluentAssertions.Execution.LateBoundTestFramework.Throw(String message)
[xUnit.net 00:00:01.53]            at FluentAssertions.Execution.DefaultAssertionStrategy.HandleFailure(String message)
[xUnit.net 00:00:01.53]            at FluentAssertions.Execution.AssertionScope.AddPreFormattedFailure(String formattedFailureMessage)
[xUnit.net 00:00:01.53]            at FluentAssertions.Execution.AssertionChain.FailWith(Func`1 getFailureReason)
[xUnit.net 00:00:01.53]            at FluentAssertions.Execution.AssertionChain.FailWith(Func`1 getFailureReason)
[xUnit.net 00:00:01.53]            at FluentAssertions.Execution.AssertionChain.FailWith(String message, Object[] args)
[xUnit.net 00:00:01.53]            at FluentAssertions.Execution.GivenSelector`1.FailWith(String message, Object[] args)
[xUnit.net 00:00:01.53]            at FluentAssertions.Collections.GenericCollectionAssertions`3.<>c__DisplayClass10_0.<BeEmpty>b__0(AssertionChain chain)
[xUnit.net 00:00:01.53]            at FluentAssertions.Execution.AssertionChain.WithExpectation(String message, Action`1 chain, Object[] args)
[xUnit.net 00:00:01.53]            at FluentAssertions.Execution.AssertionChain.WithExpectation(String message, Action`1 chain)
[xUnit.net 00:00:01.53]            at FluentAssertions.Collections.GenericCollectionAssertions`3.BeEmpty(String because, Object[] becauseArgs)
[xUnit.net 00:00:01.53]         C:\Users\fatih\source\repos\Siftly\Siftly.IntegrationTest\Tests\FilterTransformableBuilderTests.cs(277,0): at Siftly.IntegrationTest.Tests.FilterTransformableBuilderTestsBase`1.ApplyQueryFilter_InvalidDateString_UsesOriginalValue()
[xUnit.net 00:00:01.53]         C:\Users\fatih\source\repos\Siftly\Siftly.IntegrationTest\Tests\FilterTransformableBuilderTests.cs(277,0): at Siftly.IntegrationTest.Tests.FilterTransformableBuilderTestsBase`1.ApplyQueryFilter_InvalidDateString_UsesOriginalValue()
[xUnit.net 00:00:01.53]         --- End of stack trace from previous location ---
     Warning:
     The component "Fluent Assertions" is governed by the rules defined in the Xceed License Agreement and
     the Xceed Fluent Assertions Community License. You may use Fluent Assertions free of charge for
     non-commercial use only. An active subscription is required to use Fluent Assertions for commercial use.
     Please contact Xceed Sales mailto:sales@xceed.com to acquire a subscription at a very low cost.
     A paid commercial license supports the development and continued increasing support of
     Fluent Assertions users under both commercial and community licenses. Help us
     keep Fluent Assertions at the forefront of unit testing.
     For more information, visit https://xceed.com/products/unit-testing/fluent-assertions/
[xUnit.net 00:00:01.68]     Siftly.IntegrationTest.Tests.SqlServerFilterTransformableBuilderTests.ApplyQueryFilter_InvalidStatusString_UsesOriginalValue [FAIL]
[xUnit.net 00:00:01.69]       Expected result.ListData to be empty, but found at least one item
[xUnit.net 00:00:01.69]       {
[xUnit.net 00:00:01.69]           Siftly.IntegrationTest.Entities.Booking
[xUnit.net 00:00:01.69]           {
[xUnit.net 00:00:01.69]               BookingDateTimestamp = 1712739600000L,
[xUnit.net 00:00:01.69]               CustomerName = "Alice Johnson",
[xUnit.net 00:00:01.69]               Id = 1,
[xUnit.net 00:00:01.69]               IsConfirmed = True,
[xUnit.net 00:00:01.69]               Notes = "VIP customer, prefer window seat",
[xUnit.net 00:00:01.69]               Status = BookingStatus.Confirmed {value: 1},
[xUnit.net 00:00:01.69]               TotalAmount = 250.00M
[xUnit.net 00:00:01.69]           }
[xUnit.net 00:00:01.69]       }.
[xUnit.net 00:00:01.69]       Stack Trace:
[xUnit.net 00:00:01.69]            at FluentAssertions.Execution.LateBoundTestFramework.Throw(String message)
[xUnit.net 00:00:01.69]            at FluentAssertions.Execution.DefaultAssertionStrategy.HandleFailure(String message)
[xUnit.net 00:00:01.69]            at FluentAssertions.Execution.AssertionScope.AddPreFormattedFailure(String formattedFailureMessage)
[xUnit.net 00:00:01.69]            at FluentAssertions.Execution.AssertionChain.FailWith(Func`1 getFailureReason)
[xUnit.net 00:00:01.69]            at FluentAssertions.Execution.AssertionChain.FailWith(Func`1 getFailureReason)
[xUnit.net 00:00:01.69]            at FluentAssertions.Execution.AssertionChain.FailWith(String message, Object[] args)
[xUnit.net 00:00:01.69]            at FluentAssertions.Execution.GivenSelector`1.FailWith(String message, Object[] args)
[xUnit.net 00:00:01.69]            at FluentAssertions.Collections.GenericCollectionAssertions`3.<>c__DisplayClass10_0.<BeEmpty>b__0(AssertionChain chain)
[xUnit.net 00:00:01.69]            at FluentAssertions.Execution.AssertionChain.WithExpectation(String message, Action`1 chain, Object[] args)
[xUnit.net 00:00:01.69]            at FluentAssertions.Execution.AssertionChain.WithExpectation(String message, Action`1 chain)
[xUnit.net 00:00:01.69]            at FluentAssertions.Collections.GenericCollectionAssertions`3.BeEmpty(String because, Object[] becauseArgs)
[xUnit.net 00:00:01.69]         C:\Users\fatih\source\repos\Siftly\Siftly.IntegrationTest\Tests\FilterTransformableBuilderTests.cs(296,0): at Siftly.IntegrationTest.Tests.FilterTransformableBuilderTestsBase`1.ApplyQueryFilter_InvalidStatusString_UsesOriginalValue()
[xUnit.net 00:00:01.69]         C:\Users\fatih\source\repos\Siftly\Siftly.IntegrationTest\Tests\FilterTransformableBuilderTests.cs(296,0): at Siftly.IntegrationTest.Tests.FilterTransformableBuilderTestsBase`1.ApplyQueryFilter_InvalidStatusString_UsesOriginalValue()
[xUnit.net 00:00:01.69]         --- End of stack trace from previous location ---
  Ba┼şar─▒l─▒ Siftly.IntegrationTest.Tests.SqlServerFilterTransformableBuilderTests.ApplyQueryFilter_StatusIntDirectly_WorksWithoutTransform [212 ms]
  Ba┼şar─▒l─▒ Siftly.IntegrationTest.Tests.SqlServerFilterTransformableBuilderTests.ApplyQueryFilter_CaseInsensitiveStatusString_WorksCorrectly [9 ms]
  Ba┼şar─▒l─▒ Siftly.IntegrationTest.Tests.SqlServerFilterTransformableBuilderTests.ApplyQueryFilter_DateTimeStringFilter_ConvertsToLongAndFiltersCorrectly [14 ms]
  Ba┼şar─▒l─▒ Siftly.IntegrationTest.Tests.SqlServerFilterTransformableBuilderTests.ApplyQueryFilter_LongValueDirectly_WorksWithoutTransform [10 ms]
  Ba┼şar─▒l─▒ Siftly.IntegrationTest.Tests.SqlServerFilterTransformableBuilderTests.ApplyQueryFilter_DateAndStatus_BothTransformsWork [13 ms]
  Ba┼şar─▒l─▒ Siftly.IntegrationTest.Tests.SqlServerFilterTransformableBuilderTests.ApplyQueryFilter_TransformedAndNonTransformedFilters_BothWork [23 ms]
  Ba┼şar─▒l─▒ Siftly.IntegrationTest.Tests.SqlServerFilterTransformableBuilderTests.ApplyQueryFilter_StatusOrLogic_ReturnsMultipleStatuses [14 ms]
  Ba┼şar─▒s─▒z Siftly.IntegrationTest.Tests.SqlServerFilterTransformableBuilderTests.ApplyQueryFilter_InvalidStatusString_UsesOriginalValue [48 ms]
  Hata ─░letisi:
   Expected result.ListData to be empty, but found at least one item
{
    Siftly.IntegrationTest.Entities.Booking
    {
        BookingDateTimestamp = 1712739600000L,
        CustomerName = "Alice Johnson",
        Id = 1,
        IsConfirmed = True,
        Notes = "VIP customer, prefer window seat",
        Status = BookingStatus.Confirmed {value: 1},
        TotalAmount = 250.00M
    }
}.
  Y─▒─ş─▒n ─░zleme:
     at FluentAssertions.Execution.LateBoundTestFramework.Throw(String message)
   at FluentAssertions.Execution.DefaultAssertionStrategy.HandleFailure(String message)
   at FluentAssertions.Execution.AssertionScope.AddPreFormattedFailure(String formattedFailureMessage)
   at FluentAssertions.Execution.AssertionChain.FailWith(Func`1 getFailureReason)
   at FluentAssertions.Execution.AssertionChain.FailWith(Func`1 getFailureReason)
   at FluentAssertions.Execution.AssertionChain.FailWith(String message, Object[] args)
   at FluentAssertions.Execution.GivenSelector`1.FailWith(String message, Object[] args)
   at FluentAssertions.Collections.GenericCollectionAssertions`3.<>c__DisplayClass10_0.<BeEmpty>b__0(AssertionChain chain)
   at FluentAssertions.Execution.AssertionChain.WithExpectation(String message, Action`1 chain, Object[] args)
   at FluentAssertions.Execution.AssertionChain.WithExpectation(String message, Action`1 chain)
   at FluentAssertions.Collections.GenericCollectionAssertions`3.BeEmpty(String because, Object[] becauseArgs)
   at Siftly.IntegrationTest.Tests.FilterTransformableBuilderTestsBase`1.ApplyQueryFilter_InvalidStatusString_UsesOriginalValue() in C:\Users\fatih\source\repos\Siftly\Siftly.IntegrationTest\Tests\FilterTransformableBuilderTests.cs:line 296
   at Siftly.IntegrationTest.Tests.FilterTransformableBuilderTestsBase`1.ApplyQueryFilter_InvalidStatusString_UsesOriginalValue() in C:\Users\fatih\source\repos\Siftly\Siftly.IntegrationTest\Tests\FilterTransformableBuilderTests.cs:line 296
--- End of stack trace from previous location ---
  Ba┼şar─▒l─▒ Siftly.IntegrationTest.Tests.SqlServerFilterTransformableBuilderTests.ApplyQueryFilter_StatusPendingString_ReturnsOnlyPendingBookings [9 ms]
[xUnit.net 00:00:01.71]     Siftly.IntegrationTest.Tests.SqlServerFilterTransformableBuilderTests.ApplyQueryFilter_InvalidDateString_UsesOriginalValue [FAIL]
[xUnit.net 00:00:01.71]       Expected result.ListData to be empty, but found at least one item
[xUnit.net 00:00:01.71]       {
[xUnit.net 00:00:01.71]           Siftly.IntegrationTest.Entities.Booking
[xUnit.net 00:00:01.71]           {
[xUnit.net 00:00:01.71]               BookingDateTimestamp = 1712739600000L,
[xUnit.net 00:00:01.71]               CustomerName = "Alice Johnson",
[xUnit.net 00:00:01.71]               Id = 1,
[xUnit.net 00:00:01.71]               IsConfirmed = True,
[xUnit.net 00:00:01.71]               Notes = "VIP customer, prefer window seat",
[xUnit.net 00:00:01.71]               Status = BookingStatus.Confirmed {value: 1},
[xUnit.net 00:00:01.71]               TotalAmount = 250.00M
[xUnit.net 00:00:01.71]           }
[xUnit.net 00:00:01.71]       }.
[xUnit.net 00:00:01.71]       Stack Trace:
[xUnit.net 00:00:01.71]            at FluentAssertions.Execution.LateBoundTestFramework.Throw(String message)
[xUnit.net 00:00:01.71]            at FluentAssertions.Execution.DefaultAssertionStrategy.HandleFailure(String message)
[xUnit.net 00:00:01.71]            at FluentAssertions.Execution.AssertionScope.AddPreFormattedFailure(String formattedFailureMessage)
[xUnit.net 00:00:01.71]            at FluentAssertions.Execution.AssertionChain.FailWith(Func`1 getFailureReason)
[xUnit.net 00:00:01.71]            at FluentAssertions.Execution.AssertionChain.FailWith(Func`1 getFailureReason)
[xUnit.net 00:00:01.71]            at FluentAssertions.Execution.AssertionChain.FailWith(String message, Object[] args)
[xUnit.net 00:00:01.71]            at FluentAssertions.Execution.GivenSelector`1.FailWith(String message, Object[] args)
[xUnit.net 00:00:01.71]            at FluentAssertions.Collections.GenericCollectionAssertions`3.<>c__DisplayClass10_0.<BeEmpty>b__0(AssertionChain chain)
[xUnit.net 00:00:01.71]            at FluentAssertions.Execution.AssertionChain.WithExpectation(String message, Action`1 chain, Object[] args)
[xUnit.net 00:00:01.71]            at FluentAssertions.Execution.AssertionChain.WithExpectation(String message, Action`1 chain)
[xUnit.net 00:00:01.71]            at FluentAssertions.Collections.GenericCollectionAssertions`3.BeEmpty(String because, Object[] becauseArgs)
[xUnit.net 00:00:01.71]         C:\Users\fatih\source\repos\Siftly\Siftly.IntegrationTest\Tests\FilterTransformableBuilderTests.cs(277,0): at Siftly.IntegrationTest.Tests.FilterTransformableBuilderTestsBase`1.ApplyQueryFilter_InvalidDateString_UsesOriginalValue()
[xUnit.net 00:00:01.71]         C:\Users\fatih\source\repos\Siftly\Siftly.IntegrationTest\Tests\FilterTransformableBuilderTests.cs(277,0): at Siftly.IntegrationTest.Tests.FilterTransformableBuilderTestsBase`1.ApplyQueryFilter_InvalidDateString_UsesOriginalValue()
[xUnit.net 00:00:01.71]         --- End of stack trace from previous location ---
[testcontainers.org 00:00:02.10] Execute "pg_isready --host localhost --dbname efcore_querying_test --username test" at Docker container 59cd82544ae5
[testcontainers.org 00:00:02.11] Execute "pg_isready --host localhost --dbname efcore_querying_test --username test" at Docker container 42f07175a1d9
  Ba┼şar─▒s─▒z Siftly.IntegrationTest.Tests.SqlServerFilterTransformableBuilderTests.ApplyQueryFilter_InvalidStatusString_UsesOriginalValue [50 ms]
  Hata ─░letisi:
   Expected result.ListData to be empty, but found at least one item
{
    Siftly.IntegrationTest.Entities.Booking
    {
        BookingDateTimestamp = 1712739600000L,
        CustomerName = "Alice Johnson",
        Id = 1,
        IsConfirmed = True,
        Notes = "VIP customer, prefer window seat",
        Status = BookingStatus.Confirmed {value: 1},
        TotalAmount = 250.00M
    }
}.
  Y─▒─ş─▒n ─░zleme:
     at FluentAssertions.Execution.LateBoundTestFramework.Throw(String message)
   at FluentAssertions.Execution.DefaultAssertionStrategy.HandleFailure(String message)
   at FluentAssertions.Execution.AssertionScope.AddPreFormattedFailure(String formattedFailureMessage)
   at FluentAssertions.Execution.AssertionChain.FailWith(Func`1 getFailureReason)
   at FluentAssertions.Execution.AssertionChain.FailWith(Func`1 getFailureReason)
   at FluentAssertions.Execution.AssertionChain.FailWith(String message, Object[] args)
   at FluentAssertions.Execution.GivenSelector`1.FailWith(String message, Object[] args)
   at FluentAssertions.Collections.GenericCollectionAssertions`3.<>c__DisplayClass10_0.<BeEmpty>b__0(AssertionChain chain)
   at FluentAssertions.Execution.AssertionChain.WithExpectation(String message, Action`1 chain, Object[] args)
   at FluentAssertions.Execution.AssertionChain.WithExpectation(String message, Action`1 chain)
   at FluentAssertions.Collections.GenericCollectionAssertions`3.BeEmpty(String because, Object[] becauseArgs)
   at Siftly.IntegrationTest.Tests.FilterTransformableBuilderTestsBase`1.ApplyQueryFilter_InvalidStatusString_UsesOriginalValue() in C:\Users\fatih\source\repos\Siftly\Siftly.IntegrationTest\Tests\FilterTransformableBuilderTests.cs:line 296
   at Siftly.IntegrationTest.Tests.FilterTransformableBuilderTestsBase`1.ApplyQueryFilter_InvalidStatusString_UsesOriginalValue() in C:\Users\fatih\source\repos\Siftly\Siftly.IntegrationTest\Tests\FilterTransformableBuilderTests.cs:line 296
--- End of stack trace from previous location ---
  Ba┼şar─▒l─▒ Siftly.IntegrationTest.Tests.SqlServerFilterTransformableBuilderTests.ApplyQueryFilter_StatusPendingString_ReturnsOnlyPendingBookings [11 ms]
  Ba┼şar─▒l─▒ Siftly.IntegrationTest.Tests.SqlServerFilterTransformableBuilderTests.ApplyQueryFilter_StatusStringFilter_ConvertsToEnumAndFiltersCorrectly [5 ms]
  Ba┼şar─▒l─▒ Siftly.IntegrationTest.Tests.SqlServerFilterTransformableBuilderTests.ApplyQueryFilter_DateTimeGreaterThan_ReturnsBookingsAfterDate [8 ms]
  Ba┼şar─▒s─▒z Siftly.IntegrationTest.Tests.SqlServerFilterTransformableBuilderTests.ApplyQueryFilter_InvalidDateString_UsesOriginalValue [6 ms]
  Hata ─░letisi:
   Expected result.ListData to be empty, but found at least one item
{
    Siftly.IntegrationTest.Entities.Booking
    {
        BookingDateTimestamp = 1712739600000L,
        CustomerName = "Alice Johnson",
        Id = 1,
        IsConfirmed = True,
        Notes = "VIP customer, prefer window seat",
        Status = BookingStatus.Confirmed {value: 1},
        TotalAmount = 250.00M
    }
}.
  Y─▒─ş─▒n ─░zleme:
     at FluentAssertions.Execution.LateBoundTestFramework.Throw(String message)
   at FluentAssertions.Execution.DefaultAssertionStrategy.HandleFailure(String message)
   at FluentAssertions.Execution.AssertionScope.AddPreFormattedFailure(String formattedFailureMessage)
   at FluentAssertions.Execution.AssertionChain.FailWith(Func`1 getFailureReason)
   at FluentAssertions.Execution.AssertionChain.FailWith(Func`1 getFailureReason)
   at FluentAssertions.Execution.AssertionChain.FailWith(String message, Object[] args)
   at FluentAssertions.Execution.GivenSelector`1.FailWith(String message, Object[] args)
   at FluentAssertions.Collections.GenericCollectionAssertions`3.<>c__DisplayClass10_0.<BeEmpty>b__0(AssertionChain chain)
   at FluentAssertions.Execution.AssertionChain.WithExpectation(String message, Action`1 chain, Object[] args)
   at FluentAssertions.Execution.AssertionChain.WithExpectation(String message, Action`1 chain)
   at FluentAssertions.Collections.GenericCollectionAssertions`3.BeEmpty(String because, Object[] becauseArgs)
   at Siftly.IntegrationTest.Tests.FilterTransformableBuilderTestsBase`1.ApplyQueryFilter_InvalidDateString_UsesOriginalValue() in C:\Users\fatih\source\repos\Siftly\Siftly.IntegrationTest\Tests\FilterTransformableBuilderTests.cs:line 277
   at Siftly.IntegrationTest.Tests.FilterTransformableBuilderTestsBase`1.ApplyQueryFilter_InvalidDateString_UsesOriginalValue() in C:\Users\fatih\source\repos\Siftly\Siftly.IntegrationTest\Tests\FilterTransformableBuilderTests.cs:line 277
--- End of stack trace from previous location ---
[testcontainers.org 00:00:03.19] Execute "pg_isready --host localhost --dbname efcore_querying_test --username test" at Docker container 59cd82544ae5
[testcontainers.org 00:00:03.28] Docker container 59cd82544ae5 ready
  Ba┼şar─▒l─▒ Siftly.IntegrationTest.Tests.SqlServerFilterTransformableBuilderTests.ApplyQueryFilter_StatusStringFilter_ConvertsToEnumAndFiltersCorrectly [5 ms]
  Ba┼şar─▒l─▒ Siftly.IntegrationTest.Tests.SqlServerFilterTransformableBuilderTests.ApplyQueryFilter_DateTimeGreaterThan_ReturnsBookingsAfterDate [9 ms]
  Ba┼şar─▒s─▒z Siftly.IntegrationTest.Tests.SqlServerFilterTransformableBuilderTests.ApplyQueryFilter_InvalidDateString_UsesOriginalValue [4 ms]
  Hata ─░letisi:
   Expected result.ListData to be empty, but found at least one item
{
    Siftly.IntegrationTest.Entities.Booking
    {
        BookingDateTimestamp = 1712739600000L,
        CustomerName = "Alice Johnson",
        Id = 1,
        IsConfirmed = True,
        Notes = "VIP customer, prefer window seat",
        Status = BookingStatus.Confirmed {value: 1},
        TotalAmount = 250.00M
    }
}.
  Y─▒─ş─▒n ─░zleme:
     at FluentAssertions.Execution.LateBoundTestFramework.Throw(String message)
   at FluentAssertions.Execution.DefaultAssertionStrategy.HandleFailure(String message)
   at FluentAssertions.Execution.AssertionScope.AddPreFormattedFailure(String formattedFailureMessage)
   at FluentAssertions.Execution.AssertionChain.FailWith(Func`1 getFailureReason)
   at FluentAssertions.Execution.AssertionChain.FailWith(Func`1 getFailureReason)
   at FluentAssertions.Execution.AssertionChain.FailWith(String message, Object[] args)
   at FluentAssertions.Execution.GivenSelector`1.FailWith(String message, Object[] args)
   at FluentAssertions.Collections.GenericCollectionAssertions`3.<>c__DisplayClass10_0.<BeEmpty>b__0(AssertionChain chain)
   at FluentAssertions.Execution.AssertionChain.WithExpectation(String message, Action`1 chain, Object[] args)
   at FluentAssertions.Execution.AssertionChain.WithExpectation(String message, Action`1 chain)
   at FluentAssertions.Collections.GenericCollectionAssertions`3.BeEmpty(String because, Object[] becauseArgs)
   at Siftly.IntegrationTest.Tests.FilterTransformableBuilderTestsBase`1.ApplyQueryFilter_InvalidDateString_UsesOriginalValue() in C:\Users\fatih\source\repos\Siftly\Siftly.IntegrationTest\Tests\FilterTransformableBuilderTests.cs:line 277
   at Siftly.IntegrationTest.Tests.FilterTransformableBuilderTestsBase`1.ApplyQueryFilter_InvalidDateString_UsesOriginalValue() in C:\Users\fatih\source\repos\Siftly\Siftly.IntegrationTest\Tests\FilterTransformableBuilderTests.cs:line 277
--- End of stack trace from previous location ---
[testcontainers.org 00:00:03.20] Execute "pg_isready --host localhost --dbname efcore_querying_test --username test" at Docker container 42f07175a1d9
[testcontainers.org 00:00:03.27] Docker container 42f07175a1d9 ready
[testcontainers.org 00:00:03.79] Docker container 378b303542c4 created
[testcontainers.org 00:00:03.80] Start Docker container 378b303542c4
[testcontainers.org 00:00:04.04] Wait for Docker container 378b303542c4 to complete readiness checks
[testcontainers.org 00:00:04.05] Execute "pg_isready --host localhost --dbname efcore_querying_test --username test" at Docker container 378b303542c4
[testcontainers.org 00:00:03.82] Docker container 1b779e9eb8bf created
[testcontainers.org 00:00:03.83] Start Docker container 1b779e9eb8bf
[testcontainers.org 00:00:04.08] Wait for Docker container 1b779e9eb8bf to complete readiness checks
[testcontainers.org 00:00:04.09] Execute "pg_isready --host localhost --dbname efcore_querying_test --username test" at Docker container 1b779e9eb8bf
[testcontainers.org 00:00:05.14] Execute "pg_isready --host localhost --dbname efcore_querying_test --username test" at Docker container 378b303542c4
[testcontainers.org 00:00:05.20] Execute "pg_isready --host localhost --dbname efcore_querying_test --username test" at Docker container 1b779e9eb8bf
[testcontainers.org 00:00:06.22] Execute "pg_isready --host localhost --dbname efcore_querying_test --username test" at Docker container 378b303542c4
[testcontainers.org 00:00:06.30] Docker container 378b303542c4 ready
[xUnit.net 00:00:06.65]     Siftly.IntegrationTest.Tests.PostgreSqlFilterTransformableBuilderTests.ApplyQueryFilter_InvalidDateString_UsesOriginalValue [FAIL]
[xUnit.net 00:00:06.65]       Expected result.ListData to be empty, but found at least one item
[xUnit.net 00:00:06.65]       {
[xUnit.net 00:00:06.65]           Siftly.IntegrationTest.Entities.Booking
[xUnit.net 00:00:06.65]           {
[xUnit.net 00:00:06.65]               BookingDateTimestamp = 1712739600000L,
[xUnit.net 00:00:06.65]               CustomerName = "Alice Johnson",
[xUnit.net 00:00:06.65]               Id = 1,
[xUnit.net 00:00:06.65]               IsConfirmed = True,
[xUnit.net 00:00:06.65]               Notes = "VIP customer, prefer window seat",
[xUnit.net 00:00:06.65]               Status = BookingStatus.Confirmed {value: 1},
[xUnit.net 00:00:06.65]               TotalAmount = 250.00M
[xUnit.net 00:00:06.65]           }
[xUnit.net 00:00:06.65]       }.
[xUnit.net 00:00:06.65]       Stack Trace:
[xUnit.net 00:00:06.65]            at FluentAssertions.Execution.LateBoundTestFramework.Throw(String message)
[xUnit.net 00:00:06.65]            at FluentAssertions.Execution.DefaultAssertionStrategy.HandleFailure(String message)
[xUnit.net 00:00:06.65]            at FluentAssertions.Execution.AssertionScope.AddPreFormattedFailure(String formattedFailureMessage)
[xUnit.net 00:00:06.65]            at FluentAssertions.Execution.AssertionChain.FailWith(Func`1 getFailureReason)
[xUnit.net 00:00:06.65]            at FluentAssertions.Execution.AssertionChain.FailWith(Func`1 getFailureReason)
[xUnit.net 00:00:06.65]            at FluentAssertions.Execution.AssertionChain.FailWith(String message, Object[] args)
[xUnit.net 00:00:06.65]            at FluentAssertions.Execution.GivenSelector`1.FailWith(String message, Object[] args)
[xUnit.net 00:00:06.65]            at FluentAssertions.Collections.GenericCollectionAssertions`3.<>c__DisplayClass10_0.<BeEmpty>b__0(AssertionChain chain)
[xUnit.net 00:00:06.65]            at FluentAssertions.Execution.AssertionChain.WithExpectation(String message, Action`1 chain, Object[] args)
[xUnit.net 00:00:06.65]            at FluentAssertions.Execution.AssertionChain.WithExpectation(String message, Action`1 chain)
[xUnit.net 00:00:06.65]            at FluentAssertions.Collections.GenericCollectionAssertions`3.BeEmpty(String because, Object[] becauseArgs)
[xUnit.net 00:00:06.65]         C:\Users\fatih\source\repos\Siftly\Siftly.IntegrationTest\Tests\FilterTransformableBuilderTests.cs(277,0): at Siftly.IntegrationTest.Tests.FilterTransformableBuilderTestsBase`1.ApplyQueryFilter_InvalidDateString_UsesOriginalValue()
[xUnit.net 00:00:06.65]         C:\Users\fatih\source\repos\Siftly\Siftly.IntegrationTest\Tests\FilterTransformableBuilderTests.cs(277,0): at Siftly.IntegrationTest.Tests.FilterTransformableBuilderTestsBase`1.ApplyQueryFilter_InvalidDateString_UsesOriginalValue()
[xUnit.net 00:00:06.65]         --- End of stack trace from previous location ---
  Ba┼şar─▒l─▒ Siftly.IntegrationTest.Tests.PostgreSqlFilterTransformableBuilderTests.ApplyQueryFilter_TransformedAndNonTransformedFilters_BothWork [54 ms]
  Ba┼şar─▒l─▒ Siftly.IntegrationTest.Tests.PostgreSqlFilterTransformableBuilderTests.ApplyQueryFilter_StatusIntDirectly_WorksWithoutTransform [5 ms]
  Ba┼şar─▒l─▒ Siftly.IntegrationTest.Tests.PostgreSqlFilterTransformableBuilderTests.ApplyQueryFilter_CaseInsensitiveStatusString_WorksCorrectly [5 ms]
  Ba┼şar─▒l─▒ Siftly.IntegrationTest.Tests.PostgreSqlFilterTransformableBuilderTests.ApplyQueryFilter_DateTimeGreaterThan_ReturnsBookingsAfterDate [6 ms]
  Ba┼şar─▒l─▒ Siftly.IntegrationTest.Tests.PostgreSqlFilterTransformableBuilderTests.ApplyQueryFilter_LongValueDirectly_WorksWithoutTransform [4 ms]
  Ba┼şar─▒l─▒ Siftly.IntegrationTest.Tests.PostgreSqlFilterTransformableBuilderTests.ApplyQueryFilter_DateAndStatus_BothTransformsWork [4 ms]
  Ba┼şar─▒l─▒ Siftly.IntegrationTest.Tests.PostgreSqlFilterTransformableBuilderTests.ApplyQueryFilter_StatusStringFilter_ConvertsToEnumAndFiltersCorrectly [2 ms]
  Ba┼şar─▒s─▒z Siftly.IntegrationTest.Tests.PostgreSqlFilterTransformableBuilderTests.ApplyQueryFilter_InvalidDateString_UsesOriginalValue [6 ms]
  Hata ─░letisi:
   Expected result.ListData to be empty, but found at least one item
{
    Siftly.IntegrationTest.Entities.Booking
    {
        BookingDateTimestamp = 1712739600000L,
        CustomerName = "Alice Johnson",
        Id = 1,
        IsConfirmed = True,
        Notes = "VIP customer, prefer window seat",
        Status = BookingStatus.Confirmed {value: 1},
        TotalAmount = 250.00M
    }
}.
  Y─▒─ş─▒n ─░zleme:
     at FluentAssertions.Execution.LateBoundTestFramework.Throw(String message)
   at FluentAssertions.Execution.DefaultAssertionStrategy.HandleFailure(String message)
   at FluentAssertions.Execution.AssertionScope.AddPreFormattedFailure(String formattedFailureMessage)
   at FluentAssertions.Execution.AssertionChain.FailWith(Func`1 getFailureReason)
   at FluentAssertions.Execution.AssertionChain.FailWith(Func`1 getFailureReason)
   at FluentAssertions.Execution.AssertionChain.FailWith(String message, Object[] args)
   at FluentAssertions.Execution.GivenSelector`1.FailWith(String message, Object[] args)
   at FluentAssertions.Collections.GenericCollectionAssertions`3.<>c__DisplayClass10_0.<BeEmpty>b__0(AssertionChain chain)
   at FluentAssertions.Execution.AssertionChain.WithExpectation(String message, Action`1 chain, Object[] args)
   at FluentAssertions.Execution.AssertionChain.WithExpectation(String message, Action`1 chain)
   at FluentAssertions.Collections.GenericCollectionAssertions`3.BeEmpty(String because, Object[] becauseArgs)
   at Siftly.IntegrationTest.Tests.FilterTransformableBuilderTestsBase`1.ApplyQueryFilter_InvalidDateString_UsesOriginalValue() in C:\Users\fatih\source\repos\Siftly\Siftly.IntegrationTest\Tests\FilterTransformableBuilderTests.cs:line 277
   at Siftly.IntegrationTest.Tests.FilterTransformableBuilderTestsBase`1.ApplyQueryFilter_InvalidDateString_UsesOriginalValue() in C:\Users\fatih\source\repos\Siftly\Siftly.IntegrationTest\Tests\FilterTransformableBuilderTests.cs:line 277
--- End of stack trace from previous location ---
  Ba┼şar─▒l─▒ Siftly.IntegrationTest.Tests.PostgreSqlFilterTransformableBuilderTests.ApplyQueryFilter_StatusPendingString_ReturnsOnlyPendingBookings [5 ms]
[xUnit.net 00:00:06.67]     Siftly.IntegrationTest.Tests.PostgreSqlFilterTransformableBuilderTests.ApplyQueryFilter_InvalidStatusString_UsesOriginalValue [FAIL]
[xUnit.net 00:00:06.67]       Expected result.ListData to be empty, but found at least one item
[xUnit.net 00:00:06.67]       {
[xUnit.net 00:00:06.67]           Siftly.IntegrationTest.Entities.Booking
[xUnit.net 00:00:06.67]           {
[xUnit.net 00:00:06.67]               BookingDateTimestamp = 1712739600000L,
[xUnit.net 00:00:06.67]               CustomerName = "Alice Johnson",
[xUnit.net 00:00:06.67]               Id = 1,
[xUnit.net 00:00:06.67]               IsConfirmed = True,
[xUnit.net 00:00:06.67]               Notes = "VIP customer, prefer window seat",
[xUnit.net 00:00:06.67]               Status = BookingStatus.Confirmed {value: 1},
[xUnit.net 00:00:06.67]               TotalAmount = 250.00M
[xUnit.net 00:00:06.67]           }
[xUnit.net 00:00:06.67]       }.
[xUnit.net 00:00:06.67]       Stack Trace:
[xUnit.net 00:00:06.67]            at FluentAssertions.Execution.LateBoundTestFramework.Throw(String message)
[xUnit.net 00:00:06.67]            at FluentAssertions.Execution.DefaultAssertionStrategy.HandleFailure(String message)
[xUnit.net 00:00:06.67]            at FluentAssertions.Execution.AssertionScope.AddPreFormattedFailure(String formattedFailureMessage)
[xUnit.net 00:00:06.67]            at FluentAssertions.Execution.AssertionChain.FailWith(Func`1 getFailureReason)
[xUnit.net 00:00:06.67]            at FluentAssertions.Execution.AssertionChain.FailWith(Func`1 getFailureReason)
[xUnit.net 00:00:06.67]            at FluentAssertions.Execution.AssertionChain.FailWith(String message, Object[] args)
[xUnit.net 00:00:06.67]            at FluentAssertions.Execution.GivenSelector`1.FailWith(String message, Object[] args)
[xUnit.net 00:00:06.67]            at FluentAssertions.Collections.GenericCollectionAssertions`3.<>c__DisplayClass10_0.<BeEmpty>b__0(AssertionChain chain)
[xUnit.net 00:00:06.67]            at FluentAssertions.Execution.AssertionChain.WithExpectation(String message, Action`1 chain, Object[] args)
[xUnit.net 00:00:06.67]            at FluentAssertions.Execution.AssertionChain.WithExpectation(String message, Action`1 chain)
[xUnit.net 00:00:06.67]            at FluentAssertions.Collections.GenericCollectionAssertions`3.BeEmpty(String because, Object[] becauseArgs)
[xUnit.net 00:00:06.67]         C:\Users\fatih\source\repos\Siftly\Siftly.IntegrationTest\Tests\FilterTransformableBuilderTests.cs(296,0): at Siftly.IntegrationTest.Tests.FilterTransformableBuilderTestsBase`1.ApplyQueryFilter_InvalidStatusString_UsesOriginalValue()
[xUnit.net 00:00:06.67]         C:\Users\fatih\source\repos\Siftly\Siftly.IntegrationTest\Tests\FilterTransformableBuilderTests.cs(296,0): at Siftly.IntegrationTest.Tests.FilterTransformableBuilderTestsBase`1.ApplyQueryFilter_InvalidStatusString_UsesOriginalValue()
[xUnit.net 00:00:06.67]         --- End of stack trace from previous location ---
[testcontainers.org 00:00:06.57] Delete Docker container 378b303542c4
[testcontainers.org 00:00:06.30] Execute "pg_isready --host localhost --dbname efcore_querying_test --username test" at Docker container 1b779e9eb8bf
[testcontainers.org 00:00:06.42] Docker container 1b779e9eb8bf ready
[xUnit.net 00:00:06.89]     Siftly.IntegrationTest.Tests.PostgreSqlFilterTransformableBuilderTests.ApplyQueryFilter_InvalidDateString_UsesOriginalValue [FAIL]
[xUnit.net 00:00:06.89]       Expected result.ListData to be empty, but found at least one item
[xUnit.net 00:00:06.89]       {
[xUnit.net 00:00:06.89]           Siftly.IntegrationTest.Entities.Booking
[xUnit.net 00:00:06.89]           {
[xUnit.net 00:00:06.89]               BookingDateTimestamp = 1712739600000L,
[xUnit.net 00:00:06.89]               CustomerName = "Alice Johnson",
[xUnit.net 00:00:06.89]               Id = 1,
[xUnit.net 00:00:06.89]               IsConfirmed = True,
[xUnit.net 00:00:06.89]               Notes = "VIP customer, prefer window seat",
[xUnit.net 00:00:06.89]               Status = BookingStatus.Confirmed {value: 1},
[xUnit.net 00:00:06.89]               TotalAmount = 250.00M
[xUnit.net 00:00:06.89]           }
[xUnit.net 00:00:06.89]       }.
[xUnit.net 00:00:06.89]       Stack Trace:
[xUnit.net 00:00:06.89]            at FluentAssertions.Execution.LateBoundTestFramework.Throw(String message)
[xUnit.net 00:00:06.89]            at FluentAssertions.Execution.DefaultAssertionStrategy.HandleFailure(String message)
[xUnit.net 00:00:06.89]            at FluentAssertions.Execution.AssertionScope.AddPreFormattedFailure(String formattedFailureMessage)
[xUnit.net 00:00:06.89]            at FluentAssertions.Execution.AssertionChain.FailWith(Func`1 getFailureReason)
[xUnit.net 00:00:06.89]            at FluentAssertions.Execution.AssertionChain.FailWith(Func`1 getFailureReason)
[xUnit.net 00:00:06.89]            at FluentAssertions.Execution.AssertionChain.FailWith(String message, Object[] args)
[xUnit.net 00:00:06.89]            at FluentAssertions.Execution.GivenSelector`1.FailWith(String message, Object[] args)
[xUnit.net 00:00:06.89]            at FluentAssertions.Collections.GenericCollectionAssertions`3.<>c__DisplayClass10_0.<BeEmpty>b__0(AssertionChain chain)
[xUnit.net 00:00:06.89]            at FluentAssertions.Execution.AssertionChain.WithExpectation(String message, Action`1 chain, Object[] args)
[xUnit.net 00:00:06.89]            at FluentAssertions.Execution.AssertionChain.WithExpectation(String message, Action`1 chain)
[xUnit.net 00:00:06.89]            at FluentAssertions.Collections.GenericCollectionAssertions`3.BeEmpty(String because, Object[] becauseArgs)
[xUnit.net 00:00:06.90]         C:\Users\fatih\source\repos\Siftly\Siftly.IntegrationTest\Tests\FilterTransformableBuilderTests.cs(277,0): at Siftly.IntegrationTest.Tests.FilterTransformableBuilderTestsBase`1.ApplyQueryFilter_InvalidDateString_UsesOriginalValue()
[xUnit.net 00:00:06.90]         C:\Users\fatih\source\repos\Siftly\Siftly.IntegrationTest\Tests\FilterTransformableBuilderTests.cs(277,0): at Siftly.IntegrationTest.Tests.FilterTransformableBuilderTestsBase`1.ApplyQueryFilter_InvalidDateString_UsesOriginalValue()
[xUnit.net 00:00:06.90]         --- End of stack trace from previous location ---
  Ba┼şar─▒l─▒ Siftly.IntegrationTest.Tests.PostgreSqlFilterTransformableBuilderTests.ApplyQueryFilter_TransformedAndNonTransformedFilters_BothWork [67 ms]
  Ba┼şar─▒l─▒ Siftly.IntegrationTest.Tests.PostgreSqlFilterTransformableBuilderTests.ApplyQueryFilter_StatusIntDirectly_WorksWithoutTransform [8 ms]
  Ba┼şar─▒l─▒ Siftly.IntegrationTest.Tests.PostgreSqlFilterTransformableBuilderTests.ApplyQueryFilter_CaseInsensitiveStatusString_WorksCorrectly [8 ms]
  Ba┼şar─▒l─▒ Siftly.IntegrationTest.Tests.PostgreSqlFilterTransformableBuilderTests.ApplyQueryFilter_DateTimeGreaterThan_ReturnsBookingsAfterDate [6 ms]
  Ba┼şar─▒l─▒ Siftly.IntegrationTest.Tests.PostgreSqlFilterTransformableBuilderTests.ApplyQueryFilter_LongValueDirectly_WorksWithoutTransform [8 ms]
  Ba┼şar─▒l─▒ Siftly.IntegrationTest.Tests.PostgreSqlFilterTransformableBuilderTests.ApplyQueryFilter_DateAndStatus_BothTransformsWork [8 ms]
  Ba┼şar─▒l─▒ Siftly.IntegrationTest.Tests.PostgreSqlFilterTransformableBuilderTests.ApplyQueryFilter_StatusStringFilter_ConvertsToEnumAndFiltersCorrectly [3 ms]
  Ba┼şar─▒s─▒z Siftly.IntegrationTest.Tests.PostgreSqlFilterTransformableBuilderTests.ApplyQueryFilter_InvalidDateString_UsesOriginalValue [8 ms]
  Hata ─░letisi:
   Expected result.ListData to be empty, but found at least one item
{
    Siftly.IntegrationTest.Entities.Booking
    {
        BookingDateTimestamp = 1712739600000L,
        CustomerName = "Alice Johnson",
        Id = 1,
        IsConfirmed = True,
        Notes = "VIP customer, prefer window seat",
        Status = BookingStatus.Confirmed {value: 1},
        TotalAmount = 250.00M
    }
}.
  Y─▒─ş─▒n ─░zleme:
     at FluentAssertions.Execution.LateBoundTestFramework.Throw(String message)
   at FluentAssertions.Execution.DefaultAssertionStrategy.HandleFailure(String message)
   at FluentAssertions.Execution.AssertionScope.AddPreFormattedFailure(String formattedFailureMessage)
   at FluentAssertions.Execution.AssertionChain.FailWith(Func`1 getFailureReason)
   at FluentAssertions.Execution.AssertionChain.FailWith(Func`1 getFailureReason)
   at FluentAssertions.Execution.AssertionChain.FailWith(String message, Object[] args)
   at FluentAssertions.Execution.GivenSelector`1.FailWith(String message, Object[] args)
   at FluentAssertions.Collections.GenericCollectionAssertions`3.<>c__DisplayClass10_0.<BeEmpty>b__0(AssertionChain chain)
   at FluentAssertions.Execution.AssertionChain.WithExpectation(String message, Action`1 chain, Object[] args)
   at FluentAssertions.Execution.AssertionChain.WithExpectation(String message, Action`1 chain)
   at FluentAssertions.Collections.GenericCollectionAssertions`3.BeEmpty(String because, Object[] becauseArgs)
   at Siftly.IntegrationTest.Tests.FilterTransformableBuilderTestsBase`1.ApplyQueryFilter_InvalidDateString_UsesOriginalValue() in C:\Users\fatih\source\repos\Siftly\Siftly.IntegrationTest\Tests\FilterTransformableBuilderTests.cs:line 277
   at Siftly.IntegrationTest.Tests.FilterTransformableBuilderTestsBase`1.ApplyQueryFilter_InvalidDateString_UsesOriginalValue() in C:\Users\fatih\source\repos\Siftly\Siftly.IntegrationTest\Tests\FilterTransformableBuilderTests.cs:line 277
--- End of stack trace from previous location ---
  Ba┼şar─▒l─▒ Siftly.IntegrationTest.Tests.PostgreSqlFilterTransformableBuilderTests.ApplyQueryFilter_StatusPendingString_ReturnsOnlyPendingBookings [7 ms]
[xUnit.net 00:00:06.91]     Siftly.IntegrationTest.Tests.PostgreSqlFilterTransformableBuilderTests.ApplyQueryFilter_InvalidStatusString_UsesOriginalValue [FAIL]
[xUnit.net 00:00:06.91]       Expected result.ListData to be empty, but found at least one item
[xUnit.net 00:00:06.91]       {
[xUnit.net 00:00:06.91]           Siftly.IntegrationTest.Entities.Booking
[xUnit.net 00:00:06.91]           {
[xUnit.net 00:00:06.91]               BookingDateTimestamp = 1712739600000L,
[xUnit.net 00:00:06.91]               CustomerName = "Alice Johnson",
[xUnit.net 00:00:06.91]               Id = 1,
[xUnit.net 00:00:06.91]               IsConfirmed = True,
[xUnit.net 00:00:06.91]               Notes = "VIP customer, prefer window seat",
[xUnit.net 00:00:06.91]               Status = BookingStatus.Confirmed {value: 1},
[xUnit.net 00:00:06.91]               TotalAmount = 250.00M
[xUnit.net 00:00:06.91]           }
[xUnit.net 00:00:06.91]       }.
[xUnit.net 00:00:06.91]       Stack Trace:
[xUnit.net 00:00:06.91]            at FluentAssertions.Execution.LateBoundTestFramework.Throw(String message)
[xUnit.net 00:00:06.91]            at FluentAssertions.Execution.DefaultAssertionStrategy.HandleFailure(String message)
[xUnit.net 00:00:06.91]            at FluentAssertions.Execution.AssertionScope.AddPreFormattedFailure(String formattedFailureMessage)
[xUnit.net 00:00:06.91]            at FluentAssertions.Execution.AssertionChain.FailWith(Func`1 getFailureReason)
[xUnit.net 00:00:06.91]            at FluentAssertions.Execution.AssertionChain.FailWith(Func`1 getFailureReason)
[xUnit.net 00:00:06.91]            at FluentAssertions.Execution.AssertionChain.FailWith(String message, Object[] args)
[xUnit.net 00:00:06.91]            at FluentAssertions.Execution.GivenSelector`1.FailWith(String message, Object[] args)
[xUnit.net 00:00:06.91]            at FluentAssertions.Collections.GenericCollectionAssertions`3.<>c__DisplayClass10_0.<BeEmpty>b__0(AssertionChain chain)
[xUnit.net 00:00:06.91]            at FluentAssertions.Execution.AssertionChain.WithExpectation(String message, Action`1 chain, Object[] args)
[xUnit.net 00:00:06.91]            at FluentAssertions.Execution.AssertionChain.WithExpectation(String message, Action`1 chain)
[xUnit.net 00:00:06.91]            at FluentAssertions.Collections.GenericCollectionAssertions`3.BeEmpty(String because, Object[] becauseArgs)
[xUnit.net 00:00:06.91]         C:\Users\fatih\source\repos\Siftly\Siftly.IntegrationTest\Tests\FilterTransformableBuilderTests.cs(296,0): at Siftly.IntegrationTest.Tests.FilterTransformableBuilderTestsBase`1.ApplyQueryFilter_InvalidStatusString_UsesOriginalValue()
[xUnit.net 00:00:06.91]         C:\Users\fatih\source\repos\Siftly\Siftly.IntegrationTest\Tests\FilterTransformableBuilderTests.cs(296,0): at Siftly.IntegrationTest.Tests.FilterTransformableBuilderTestsBase`1.ApplyQueryFilter_InvalidStatusString_UsesOriginalValue()
[xUnit.net 00:00:06.91]         --- End of stack trace from previous location ---
[testcontainers.org 00:00:07.02] Delete Docker container 59cd82544ae5
[testcontainers.org 00:00:06.83] Delete Docker container 1b779e9eb8bf
[xUnit.net 00:00:07.64]   Finished:    Siftly.IntegrationTest
  Ba┼şar─▒l─▒ Siftly.IntegrationTest.Tests.PostgreSqlFilterTransformableBuilderTests.ApplyQueryFilter_DateTimeStringFilter_ConvertsToLongAndFiltersCorrectly [5 ms]
  Ba┼şar─▒s─▒z Siftly.IntegrationTest.Tests.PostgreSqlFilterTransformableBuilderTests.ApplyQueryFilter_InvalidStatusString_UsesOriginalValue [4 ms]
  Hata ─░letisi:
   Expected result.ListData to be empty, but found at least one item
{
    Siftly.IntegrationTest.Entities.Booking
    {
        BookingDateTimestamp = 1712739600000L,
        CustomerName = "Alice Johnson",
        Id = 1,
        IsConfirmed = True,
        Notes = "VIP customer, prefer window seat",
        Status = BookingStatus.Confirmed {value: 1},
        TotalAmount = 250.00M
    }
}.
  Y─▒─ş─▒n ─░zleme:
     at FluentAssertions.Execution.LateBoundTestFramework.Throw(String message)
   at FluentAssertions.Execution.DefaultAssertionStrategy.HandleFailure(String message)
   at FluentAssertions.Execution.AssertionScope.AddPreFormattedFailure(String formattedFailureMessage)
   at FluentAssertions.Execution.AssertionChain.FailWith(Func`1 getFailureReason)
   at FluentAssertions.Execution.AssertionChain.FailWith(Func`1 getFailureReason)
   at FluentAssertions.Execution.AssertionChain.FailWith(String message, Object[] args)
   at FluentAssertions.Execution.GivenSelector`1.FailWith(String message, Object[] args)
   at FluentAssertions.Collections.GenericCollectionAssertions`3.<>c__DisplayClass10_0.<BeEmpty>b__0(AssertionChain chain)
   at FluentAssertions.Execution.AssertionChain.WithExpectation(String message, Action`1 chain, Object[] args)
   at FluentAssertions.Execution.AssertionChain.WithExpectation(String message, Action`1 chain)
   at FluentAssertions.Collections.GenericCollectionAssertions`3.BeEmpty(String because, Object[] becauseArgs)
   at Siftly.IntegrationTest.Tests.FilterTransformableBuilderTestsBase`1.ApplyQueryFilter_InvalidStatusString_UsesOriginalValue() in C:\Users\fatih\source\repos\Siftly\Siftly.IntegrationTest\Tests\FilterTransformableBuilderTests.cs:line 296
   at Siftly.IntegrationTest.Tests.FilterTransformableBuilderTestsBase`1.ApplyQueryFilter_InvalidStatusString_UsesOriginalValue() in C:\Users\fatih\source\repos\Siftly\Siftly.IntegrationTest\Tests\FilterTransformableBuilderTests.cs:line 296
--- End of stack trace from previous location ---
  Ba┼şar─▒l─▒ Siftly.IntegrationTest.Tests.PostgreSqlFilterTransformableBuilderTests.ApplyQueryFilter_StatusOrLogic_ReturnsMultipleStatuses [5 ms]

Test ├çal─▒┼şt─▒rmas─▒ Ba┼şar─▒s─▒z.
Toplam test say─▒s─▒: 24
     Ge├ğti: 20
     Ba┼şar─▒s─▒z: 4
 Toplam s├╝re: 7,9579 Saniye
[testcontainers.org 00:00:07.49] Delete Docker container 42f07175a1d9
[xUnit.net 00:00:08.13]   Finished:    Siftly.IntegrationTest
  Ba┼şar─▒l─▒ Siftly.IntegrationTest.Tests.PostgreSqlFilterTransformableBuilderTests.ApplyQueryFilter_DateTimeStringFilter_ConvertsToLongAndFiltersCorrectly [8 ms]
  Ba┼şar─▒s─▒z Siftly.IntegrationTest.Tests.PostgreSqlFilterTransformableBuilderTests.ApplyQueryFilter_InvalidStatusString_UsesOriginalValue [4 ms]
  Hata ─░letisi:
   Expected result.ListData to be empty, but found at least one item
{
    Siftly.IntegrationTest.Entities.Booking
    {
        BookingDateTimestamp = 1712739600000L,
        CustomerName = "Alice Johnson",
        Id = 1,
        IsConfirmed = True,
        Notes = "VIP customer, prefer window seat",
        Status = BookingStatus.Confirmed {value: 1},
        TotalAmount = 250.00M
    }
}.
  Y─▒─ş─▒n ─░zleme:
     at FluentAssertions.Execution.LateBoundTestFramework.Throw(String message)
   at FluentAssertions.Execution.DefaultAssertionStrategy.HandleFailure(String message)
   at FluentAssertions.Execution.AssertionScope.AddPreFormattedFailure(String formattedFailureMessage)
   at FluentAssertions.Execution.AssertionChain.FailWith(Func`1 getFailureReason)
   at FluentAssertions.Execution.AssertionChain.FailWith(Func`1 getFailureReason)
   at FluentAssertions.Execution.AssertionChain.FailWith(String message, Object[] args)
   at FluentAssertions.Execution.GivenSelector`1.FailWith(String message, Object[] args)
   at FluentAssertions.Collections.GenericCollectionAssertions`3.<>c__DisplayClass10_0.<BeEmpty>b__0(AssertionChain chain)
   at FluentAssertions.Execution.AssertionChain.WithExpectation(String message, Action`1 chain, Object[] args)
   at FluentAssertions.Execution.AssertionChain.WithExpectation(String message, Action`1 chain)
   at FluentAssertions.Collections.GenericCollectionAssertions`3.BeEmpty(String because, Object[] becauseArgs)
   at Siftly.IntegrationTest.Tests.FilterTransformableBuilderTestsBase`1.ApplyQueryFilter_InvalidStatusString_UsesOriginalValue() in C:\Users\fatih\source\repos\Siftly\Siftly.IntegrationTest\Tests\FilterTransformableBuilderTests.cs:line 296
   at Siftly.IntegrationTest.Tests.FilterTransformableBuilderTestsBase`1.ApplyQueryFilter_InvalidStatusString_UsesOriginalValue() in C:\Users\fatih\source\repos\Siftly\Siftly.IntegrationTest\Tests\FilterTransformableBuilderTests.cs:line 296
--- End of stack trace from previous location ---
  Ba┼şar─▒l─▒ Siftly.IntegrationTest.Tests.PostgreSqlFilterTransformableBuilderTests.ApplyQueryFilter_StatusOrLogic_ReturnsMultipleStatuses [7 ms]

Test ├çal─▒┼şt─▒rmas─▒ Ba┼şar─▒s─▒z.
Toplam test say─▒s─▒: 24
     Ge├ğti: 20
     Ba┼şar─▒s─▒z: 4
 Toplam s├╝re: 8,4809 Saniye
